
> beacon-press-hub@0.1.0 build
> next build

  Suggestion: If you intended to restart next build, terminate the other process, and then try again.
